---
source: ex_em_ell/tests/simple.rs
expression: actual
---
<?xml version="1.0" encoding="utf-8"?>
<example>
  <field>value</field>
  <child>
    <field>value</field>
  </child>
</example>
